{
  "exclude": {
    "files": "go.sum|^.secrets.baseline$",
    "lines": null
  },
  "generated_at": "2025-07-24T09:08:47Z",
  "plugins_used": [
    {
      "name": "AWSKeyDetector"
    },
    {
      "name": "ArtifactoryDetector"
    },
    {
      "name": "AzureStorageKeyDetector"
    },
    {
      "base64_limit": 4.5,
      "name": "Base64HighEntropyString"
    },
    {
      "name": "BasicAuthDetector"
    },
    {
      "name": "BoxDetector"
    },
    {
      "name": "CloudantDetector"
    },
    {
      "ghe_instance": "github.ibm.com",
      "name": "GheDetector"
    },
    {
      "name": "GitHubTokenDetector"
    },
    {
      "hex_limit": 3,
      "name": "HexHighEntropyString"
    },
    {
      "name": "IbmCloudIamDetector"
    },
    {
      "name": "IbmCosHmacDetector"
    },
    {
      "name": "JwtTokenDetector"
    },
    {
      "keyword_exclude": null,
      "name": "KeywordDetector"
    },
    {
      "name": "MailchimpDetector"
    },
    {
      "name": "NpmDetector"
    },
    {
      "name": "PrivateKeyDetector"
    },
    {
      "name": "SlackDetector"
    },
    {
      "name": "SoftlayerDetector"
    },
    {
      "name": "SquareOAuthDetector"
    },
    {
      "name": "StripeDetector"
    },
    {
      "name": "TwilioKeyDetector"
    }
  ],
  "results": {
    "lib/go/volumegroup/volumegroup.pb.go": [
      {
        "hashed_secret": "bfb794a731cc6f8a43c89a588fee6f73b11fb227",
        "is_secret": false,
        "is_verified": false,
        "line_number": 1098,
        "type": "Secret Keyword",
        "verified_result": null
      },
      {
        "hashed_secret": "56d35d6a3fbe25e8ebb65a20443a8ec6bff0fd52",
        "is_secret": false,
        "is_verified": false,
        "line_number": 1218,
        "type": "Secret Keyword",
        "verified_result": null
      },
      {
        "hashed_secret": "321b53d2175c0aebf280f11f924b8f648e54c261",
        "is_secret": false,
        "is_verified": false,
        "line_number": 1286,
        "type": "Secret Keyword",
        "verified_result": null
      }
    ],
    "volumegroup/volumegroup.md": [
      {
        "hashed_secret": "bfb794a731cc6f8a43c89a588fee6f73b11fb227",
        "is_secret": false,
        "is_verified": false,
        "line_number": 20,
        "type": "Secret Keyword",
        "verified_result": null
      }
    ],
    "volumegroup/volumegroup.proto": [
      {
        "hashed_secret": "bfb794a731cc6f8a43c89a588fee6f73b11fb227",
        "is_secret": false,
        "is_verified": false,
        "line_number": 12,
        "type": "Secret Keyword",
        "verified_result": null
      }
    ]
  },
  "version": "0.13.1+ibm.62.dss",
  "word_list": {
    "file": null,
    "hash": null
  }
}
